// Jest Snapshot v1, https://goo.gl/fbAQLP

exports[`ComicList will render comic list correctly 1`] = `
Array [
  <div
    className="MuiPaper-root-7 MuiPaper-elevation1-10 MuiPaper-rounded-8 MuiExpansionPanel-root-3 MuiExpansionPanel-rounded-4"
  >
    <div
      aria-expanded={false}
      className="MuiButtonBase-root-40 MuiExpansionPanelSummary-root-34"
      onBlur={[Function]}
      onClick={[Function]}
      onContextMenu={[Function]}
      onFocus={[Function]}
      onKeyDown={[Function]}
      onKeyUp={[Function]}
      onMouseDown={[Function]}
      onMouseLeave={[Function]}
      onMouseUp={[Function]}
      onTouchEnd={[Function]}
      onTouchMove={[Function]}
      onTouchStart={[Function]}
      role="button"
      tabIndex="0"
    >
      <div
        className="MuiExpansionPanelSummary-content-38"
      >
        <div
          className="ComicList-column-2"
        />
        <div>
          <p
            className="MuiTypography-root-43 MuiTypography-body1-52 MuiTypography-inline-78"
          >
            更新時間： 
            2019/01/01 08:00
          </p>
        </div>
      </div>
      <div
        aria-hidden="true"
        className="MuiButtonBase-root-40 MuiIconButton-root-79 MuiExpansionPanelSummary-expandIcon-39"
        onBlur={[Function]}
        onContextMenu={[Function]}
        onFocus={[Function]}
        onKeyDown={[Function]}
        onKeyUp={[Function]}
        onMouseDown={[Function]}
        onMouseLeave={[Function]}
        onMouseUp={[Function]}
        onTouchEnd={[Function]}
        onTouchMove={[Function]}
        onTouchStart={[Function]}
        role="button"
        tabIndex={-1}
      >
        <span
          className="MuiIconButton-label-84"
        >
          <svg
            aria-hidden="true"
            className="MuiSvgIcon-root-85"
            focusable="false"
            role="presentation"
            viewBox="0 0 24 24"
          >
            <path
              d="M16.59 8.59L12 13.17 7.41 8.59 6 10l6 6 6-6z"
            />
            <path
              d="M0 0h24v24H0z"
              fill="none"
            />
          </svg>
        </span>
        <span
          className="MuiTouchRipple-root-136"
        />
      </div>
    </div>
    <div
      aria-hidden="true"
      className="MuiCollapse-container-94"
      style={
        Object {
          "minHeight": "0px",
        }
      }
    >
      <div
        className="MuiCollapse-wrapper-96"
      >
        <div
          className="MuiCollapse-wrapperInner-97"
        >
          <div
            className="MuiExpansionPanelDetails-root-98"
          >
            <p
              className="MuiTypography-root-43 MuiTypography-body1-52"
            >
              漫畫資料庫每天會自動更新一次，如果收藏的漫畫內容有更新會自動下載並通知。
            </p>
          </div>
          <hr
            className="MuiDivider-root-99"
          />
          <div
            className="MuiExpansionPanelActions-root-104"
          >
            <button
              className="MuiButtonBase-root-40 MuiButton-root-106 MuiButton-contained-117 MuiButton-raised-120 MuiExpansionPanelActions-action-105"
              disabled={false}
              onBlur={[Function]}
              onClick={[Function]}
              onContextMenu={[Function]}
              onFocus={[Function]}
              onKeyDown={[Function]}
              onKeyUp={[Function]}
              onMouseDown={[Function]}
              onMouseLeave={[Function]}
              onMouseUp={[Function]}
              onTouchEnd={[Function]}
              onTouchMove={[Function]}
              onTouchStart={[Function]}
              tabIndex="0"
              type="button"
            >
              <span
                className="MuiButton-label-107"
              >
                手動更新資料庫
              </span>
              <span
                className="MuiTouchRipple-root-136"
              />
            </button>
          </div>
        </div>
      </div>
    </div>
  </div>,
  <ul
    className="MuiList-root-132 MuiList-padding-133 ComicList-root-1"
  />,
]
`;

exports[`ComicList will render comic list correctly in loading state 1`] = `
<div
  className="MuiLinearProgress-root-143 MuiLinearProgress-colorSecondary-145 MuiLinearProgress-query-149"
  role="progressbar"
>
  <div
    className="MuiLinearProgress-bar-153 MuiLinearProgress-barColorSecondary-155 MuiLinearProgress-bar1Indeterminate-156"
    style={Object {}}
  />
  <div
    className="MuiLinearProgress-bar-153 MuiLinearProgress-barColorSecondary-155 MuiLinearProgress-bar2Indeterminate-159"
    style={Object {}}
  />
</div>
`;
