// Jest Snapshot v1, https://goo.gl/fbAQLP

exports[`Settings will render settings correctly 1`] = `
<div
  className="Settings-root-1"
>
  <ul
    className="MuiList-root-3 MuiList-padding-4"
  >
    <li
      className="MuiListItem-container-8"
    >
      <div
        className="MuiListItem-root-7 MuiListItem-default-10 MuiListItem-dense-11 MuiListItem-gutters-15 MuiListItem-secondaryAction-17"
        disabled={false}
      >
        <div
          className="MuiAvatar-root-22 MuiAvatar-colorDefault-23"
        >
          <svg
            aria-hidden="true"
            className="MuiSvgIcon-root-25"
            focusable="false"
            role="presentation"
            viewBox="0 0 24 24"
          >
            <path
              d="M10 4H4c-1.1 0-1.99.9-1.99 2L2 18c0 1.1.9 2 2 2h16c1.1 0 2-.9 2-2V8c0-1.1-.9-2-2-2h-8l-2-2z"
            />
            <path
              d="M0 0h24v24H0z"
              fill="none"
            />
          </svg>
        </div>
        <div
          className="MuiListItemText-root-34"
        >
          <span
            className="MuiTypography-root-40 MuiTypography-subheading-47 MuiListItemText-primary-37"
          >
            漫畫下載目錄
          </span>
          <p
            className="MuiTypography-root-40 MuiTypography-body1-49 MuiTypography-colorTextSecondary-73 MuiListItemText-secondary-38"
          >
            downloadFolderPath
          </p>
        </div>
      </div>
      <div
        className="MuiListItemSecondaryAction-root-76"
      >
        <button
          className="MuiButtonBase-root-83 MuiIconButton-root-77"
          disabled={false}
          onBlur={[Function]}
          onClick={[Function]}
          onContextMenu={[Function]}
          onFocus={[Function]}
          onKeyDown={[Function]}
          onKeyUp={[Function]}
          onMouseDown={[Function]}
          onMouseLeave={[Function]}
          onMouseUp={[Function]}
          onTouchEnd={[Function]}
          onTouchMove={[Function]}
          onTouchStart={[Function]}
          tabIndex="0"
          type="button"
        >
          <span
            className="MuiIconButton-label-82"
          >
            <svg
              aria-hidden="true"
              className="MuiSvgIcon-root-25"
              focusable="false"
              role="presentation"
              viewBox="0 0 24 24"
            >
              <path
                d="M3 17.25V21h3.75L17.81 9.94l-3.75-3.75L3 17.25zM20.71 7.04c.39-.39.39-1.02 0-1.41l-2.34-2.34a.9959.9959 0 0 0-1.41 0l-1.83 1.83 3.75 3.75 1.83-1.83z"
              />
              <path
                d="M0 0h24v24H0z"
                fill="none"
              />
            </svg>
          </span>
          <span
            className="MuiTouchRipple-root-86"
          />
        </button>
      </div>
    </li>
  </ul>
</div>
`;
